\BOOKMARK [0][-]{chapter.1}{Introduction to MATLAB \(Pt.1\)}{}% 1
\BOOKMARK [1][-]{section.1.1}{Objectives}{chapter.1}% 2
\BOOKMARK [1][-]{section.1.2}{Theory}{chapter.1}% 3
\BOOKMARK [1][-]{section.1.3}{Starting Matlab}{chapter.1}% 4
\BOOKMARK [1][-]{section.1.4}{Creating Simple Plots \(Cont.\)}{chapter.1}% 5
\BOOKMARK [1][-]{section.1.5}{Assignment}{chapter.1}% 6
\BOOKMARK [1][-]{section.1.6}{Notes}{chapter.1}% 7
\BOOKMARK [0][-]{chapter.2}{Introduction to MATLAB \(Pt.2\)}{}% 8
\BOOKMARK [1][-]{section.2.1}{Objectives}{chapter.2}% 9
\BOOKMARK [1][-]{section.2.2}{Theory}{chapter.2}% 10
\BOOKMARK [2][-]{subsection.2.2.1}{Sine Wave}{section.2.2}% 11
\BOOKMARK [2][-]{subsection.2.2.2}{Cosine Wave}{section.2.2}% 12
\BOOKMARK [1][-]{section.2.3}{Sine and Cosine Wave \(Cont.\)}{chapter.2}% 13
\BOOKMARK [1][-]{section.2.4}{Assignment}{chapter.2}% 14
\BOOKMARK [1][-]{section.2.5}{Notes}{chapter.2}% 15
\BOOKMARK [0][-]{chapter.3}{Square Wave Signal}{}% 16
\BOOKMARK [1][-]{section.3.1}{Objectives}{chapter.3}% 17
\BOOKMARK [1][-]{section.3.2}{Theory}{chapter.3}% 18
\BOOKMARK [1][-]{section.3.3}{Square Wave Signal \(Cont.\)}{chapter.3}% 19
\BOOKMARK [1][-]{section.3.4}{Assignment}{chapter.3}% 20
\BOOKMARK [1][-]{section.3.5}{Notes}{chapter.3}% 21
\BOOKMARK [0][-]{chapter.4}{Sawtooth Wave Signal}{}% 22
\BOOKMARK [1][-]{section.4.1}{Objectives}{chapter.4}% 23
\BOOKMARK [1][-]{section.4.2}{Theory}{chapter.4}% 24
\BOOKMARK [1][-]{section.4.3}{Sawtooth Wave Signal \(Cont.\)}{chapter.4}% 25
\BOOKMARK [1][-]{section.4.4}{Assignment}{chapter.4}% 26
\BOOKMARK [1][-]{section.4.5}{Notes}{chapter.4}% 27
\BOOKMARK [0][-]{chapter.5}{Discrete Time Signal \(Pt.1\)}{}% 28
\BOOKMARK [1][-]{section.5.1}{Objectives}{chapter.5}% 29
\BOOKMARK [1][-]{section.5.2}{Theory}{chapter.5}% 30
\BOOKMARK [1][-]{section.5.3}{Discrete Time Signal \(Pt.1-Cont.\)}{chapter.5}% 31
\BOOKMARK [1][-]{section.5.4}{Assignment}{chapter.5}% 32
\BOOKMARK [1][-]{section.5.5}{Notes}{chapter.5}% 33
\BOOKMARK [0][-]{chapter.6}{Discrete Time Signal \(Pt.2\)}{}% 34
\BOOKMARK [1][-]{section.6.1}{Objectives}{chapter.6}% 35
\BOOKMARK [1][-]{section.6.2}{Theory}{chapter.6}% 36
\BOOKMARK [1][-]{section.6.3}{Discrete Time Signal \(Pt.2-Cont.\)}{chapter.6}% 37
\BOOKMARK [1][-]{section.6.4}{Assignment}{chapter.6}% 38
\BOOKMARK [1][-]{section.6.5}{Notes}{chapter.6}% 39
